DEBUG - 2026-05-12 20:12:14 --> Session: Class initialized using 'CodeIgniter\Session\Handlers\FileHandler' driver.
DEBUG - 2026-05-12 20:13:04 --> Session: Class initialized using 'CodeIgniter\Session\Handlers\FileHandler' driver.
DEBUG - 2026-05-12 20:13:21 --> Session: Class initialized using 'CodeIgniter\Session\Handlers\FileHandler' driver.
DEBUG - 2026-05-12 20:13:30 --> Session: Class initialized using 'CodeIgniter\Session\Handlers\FileHandler' driver.
DEBUG - 2026-05-12 20:13:31 --> Session: Class initialized using 'CodeIgniter\Session\Handlers\FileHandler' driver.
DEBUG - 2026-05-12 20:13:35 --> Session: Class initialized using 'CodeIgniter\Session\Handlers\FileHandler' driver.
DEBUG - 2026-05-12 20:13:36 --> Session: Class initialized using 'CodeIgniter\Session\Handlers\FileHandler' driver.
DEBUG - 2026-05-12 20:13:55 --> Session: Class initialized using 'CodeIgniter\Session\Handlers\FileHandler' driver.
DEBUG - 2026-05-12 20:14:06 --> Session: Class initialized using 'CodeIgniter\Session\Handlers\FileHandler' driver.
DEBUG - 2026-05-12 20:16:24 --> Session: Class initialized using 'CodeIgniter\Session\Handlers\FileHandler' driver.
DEBUG - 2026-05-12 20:19:43 --> Session: Class initialized using 'CodeIgniter\Session\Handlers\FileHandler' driver.
DEBUG - 2026-05-12 20:19:44 --> Session: Class initialized using 'CodeIgniter\Session\Handlers\FileHandler' driver.
DEBUG - 2026-05-12 20:24:30 --> Session: Class initialized using 'CodeIgniter\Session\Handlers\FileHandler' driver.
DEBUG - 2026-05-12 20:24:30 --> Session: Class initialized using 'CodeIgniter\Session\Handlers\FileHandler' driver.
DEBUG - 2026-05-12 20:24:35 --> Session: Class initialized using 'CodeIgniter\Session\Handlers\FileHandler' driver.
DEBUG - 2026-05-12 20:27:16 --> Session: Class initialized using 'CodeIgniter\Session\Handlers\FileHandler' driver.
DEBUG - 2026-05-12 20:27:16 --> Session: Class initialized using 'CodeIgniter\Session\Handlers\FileHandler' driver.
DEBUG - 2026-05-12 20:27:22 --> Session: Class initialized using 'CodeIgniter\Session\Handlers\FileHandler' driver.
DEBUG - 2026-05-12 20:27:43 --> Session: Class initialized using 'CodeIgniter\Session\Handlers\FileHandler' driver.
DEBUG - 2026-05-12 20:27:44 --> Session: Class initialized using 'CodeIgniter\Session\Handlers\FileHandler' driver.
DEBUG - 2026-05-12 20:27:47 --> Session: Class initialized using 'CodeIgniter\Session\Handlers\FileHandler' driver.
DEBUG - 2026-05-12 20:28:08 --> Session: Class initialized using 'CodeIgniter\Session\Handlers\FileHandler' driver.
DEBUG - 2026-05-12 20:28:09 --> Session: Class initialized using 'CodeIgniter\Session\Handlers\FileHandler' driver.
DEBUG - 2026-05-12 20:30:37 --> Session: Class initialized using 'CodeIgniter\Session\Handlers\FileHandler' driver.
DEBUG - 2026-05-12 20:30:37 --> Session: Class initialized using 'CodeIgniter\Session\Handlers\FileHandler' driver.
DEBUG - 2026-05-12 20:30:49 --> Session: Class initialized using 'CodeIgniter\Session\Handlers\FileHandler' driver.
DEBUG - 2026-05-12 20:30:59 --> Session: Class initialized using 'CodeIgniter\Session\Handlers\FileHandler' driver.
DEBUG - 2026-05-12 20:34:27 --> Session: Class initialized using 'CodeIgniter\Session\Handlers\FileHandler' driver.
DEBUG - 2026-05-12 20:34:27 --> Session: Class initialized using 'CodeIgniter\Session\Handlers\FileHandler' driver.
DEBUG - 2026-05-12 20:34:54 --> Session: Class initialized using 'CodeIgniter\Session\Handlers\FileHandler' driver.
DEBUG - 2026-05-12 20:34:54 --> Session: Class initialized using 'CodeIgniter\Session\Handlers\FileHandler' driver.
DEBUG - 2026-05-12 20:34:56 --> Session: Class initialized using 'CodeIgniter\Session\Handlers\FileHandler' driver.
DEBUG - 2026-05-12 20:35:25 --> Session: Class initialized using 'CodeIgniter\Session\Handlers\FileHandler' driver.
DEBUG - 2026-05-12 20:36:11 --> Session: Class initialized using 'CodeIgniter\Session\Handlers\FileHandler' driver.
DEBUG - 2026-05-12 20:36:41 --> Session: Class initialized using 'CodeIgniter\Session\Handlers\FileHandler' driver.
DEBUG - 2026-05-12 20:36:44 --> Session: Class initialized using 'CodeIgniter\Session\Handlers\FileHandler' driver.
DEBUG - 2026-05-12 20:36:47 --> Session: Class initialized using 'CodeIgniter\Session\Handlers\FileHandler' driver.
DEBUG - 2026-05-12 20:36:49 --> Session: Class initialized using 'CodeIgniter\Session\Handlers\FileHandler' driver.
DEBUG - 2026-05-12 20:37:01 --> Session: Class initialized using 'CodeIgniter\Session\Handlers\FileHandler' driver.
INFO - 2026-05-12 20:37:02 --> [BOOKING-EMAIL] START: Attempting to send "Booking Request Received" for booking 71
DEBUG - 2026-05-12 20:37:02 --> [BOOKING-EMAIL] DB connected for booking 71
DEBUG - 2026-05-12 20:37:02 --> [BOOKING-EMAIL] Booking 71 fetched: code=WWS-8AE922F9, user_id=N/A
INFO - 2026-05-12 20:37:02 --> [BOOKING-EMAIL] Email target: user@gmail.com for booking 71
DEBUG - 2026-05-12 20:37:02 --> [BOOKING-EMAIL] Email body composed for booking 71. To: user@gmail.com
DEBUG - 2026-05-12 20:37:02 --> [BOOKING-EMAIL] Calling email->send() for booking 71
ERROR - 2026-05-12 20:37:04 --> Email: sendWithSmtp throwed ErrorException: fsockopen(): SSL operation failed with code 1. OpenSSL Error messages:
error:0A00010B:SSL routines::wrong version number in C:\Users\earls\Documents\GitHub\MARISENSE\src\vendor\codeigniter4\framework\system\Email\Email.php:1910
Stack trace:
#0 [internal function]: CodeIgniter\Debug\Exceptions->errorHandler(2, 'fsockopen(): SS...', 'C:\\Users\\earls\\...', 1910)
#1 C:\Users\earls\Documents\GitHub\MARISENSE\src\vendor\codeigniter4\framework\system\Email\Email.php(1910): fsockopen('ssl://smtp.gmai...', 587, NULL, NULL, 5)
#2 C:\Users\earls\Documents\GitHub\MARISENSE\src\vendor\codeigniter4\framework\system\Email\Email.php(1823): CodeIgniter\Email\Email->SMTPConnect()
#3 C:\Users\earls\Documents\GitHub\MARISENSE\src\vendor\codeigniter4\framework\system\Email\Email.php(1708): CodeIgniter\Email\Email->sendWithSmtp()
#4 C:\Users\earls\Documents\GitHub\MARISENSE\src\vendor\codeigniter4\framework\system\Email\Email.php(1602): CodeIgniter\Email\Email->spoolEmail()
#5 C:\Users\earls\Documents\GitHub\MARISENSE\src\app\Controllers\user.php(140): CodeIgniter\Email\Email->send()
#6 C:\Users\earls\Documents\GitHub\MARISENSE\src\app\Controllers\user.php(446): App\Controllers\User->sendBookingActionNotification(71, 'Booking Request...', 'Your booking re...', 'We received you...', Array)
#7 C:\Users\earls\Documents\GitHub\MARISENSE\src\vendor\codeigniter4\framework\system\CodeIgniter.php(951): App\Controllers\User->storeBooking()
#8 C:\Users\earls\Documents\GitHub\MARISENSE\src\vendor\codeigniter4\framework\system\CodeIgniter.php(497): CodeIgniter\CodeIgniter->runController(Object(App\Controllers\User))
#9 C:\Users\earls\Documents\GitHub\MARISENSE\src\vendor\codeigniter4\framework\system\CodeIgniter.php(340): CodeIgniter\CodeIgniter->handleRequest(NULL, Object(Config\Cache), false)
#10 C:\Users\earls\Documents\GitHub\MARISENSE\src\vendor\codeigniter4\framework\system\Boot.php(417): CodeIgniter\CodeIgniter->run()
#11 C:\Users\earls\Documents\GitHub\MARISENSE\src\vendor\codeigniter4\framework\system\Boot.php(68): CodeIgniter\Boot::runCodeIgniter(Object(CodeIgniter\CodeIgniter))
#12 C:\Users\earls\Documents\GitHub\MARISENSE\src\public\index.php(59): CodeIgniter\Boot::bootWeb(Object(Config\Paths))
#13 C:\Users\earls\Documents\GitHub\MARISENSE\src\vendor\codeigniter4\framework\system\rewrite.php(44): require_once('C:\\Users\\earls\\...')
#14 {main}
ERROR - 2026-05-12 20:37:04 --> Email: Unable to send email using SMTP. Your server might not be configured to send mail using this method.
ERROR - 2026-05-12 20:37:04 --> 
ERROR - 2026-05-12 20:37:04 --> [BOOKING-EMAIL] FAILED: Email not sent for booking 71 to user@gmail.com
ERROR - 2026-05-12 20:37:04 --> [BOOKING-EMAIL] DEBUGGER OUTPUT: Unable to send email using SMTP. Your server might not be configured to send mail using this method.<br><pre>Date: Tue, 12 May 2026 20:37:02 +0800
To: user@gmail.com
From: &quot;Waves Water Sports&quot; &lt;admin@marisense.networq.online&gt;
Return-Path: &lt;admin@marisense.networq.online&gt;
Subject: =?UTF-8?Q?Booking=20Request=20Received?=
Reply-To: &lt;admin@marisense.networq.online&gt;
User-Agent: CodeIgniter
X-Sender: admin@marisense.networq.online
X-Mailer: CodeIgniter
X-Priority: 3 (Normal)
Message-ID: &lt;6a031eee125125.73432700@marisense.networq.online&gt;
Mime-Version: 1.0


Content-Type: multipart/alternative; boundary=&quot;B_ALT_6a031eee1253d5.13632299&quot;

This is a multi-part message in MIME format.
Your email application may not support this format.

--B_ALT_6a031eee1253d5.13632299
Content-Type: text/plain; charset=UTF-8
Content-Transfer-Encoding: 8bit

Your booking request was received
 Hi user,
 We received your booking request. Our admin team will review and update
your booking status shortly.
 Booking CodeWWS-8AE922F9ScheduleMay 31, 2026 at 04:00 PMBooking
StatusPendingPayment StatusUnpaidDown Payment StatusUnpaidTotal AmountPHP
5,000.00Selected ActivitiesSpeed Boat
 Thank you,Waves Water Sports


--B_ALT_6a031eee1253d5.13632299
Content-Type: text/html; charset=UTF-8
Content-Transfer-Encoding: quoted-printable

=0A                &lt;div style=3D&quot;font-family:Arial,Helvetica,sans-serif;lin=
e-height:1.6;color:#163447;&quot;&gt;=0A                    &lt;h2 style=3D&quot;margin:0 0=
 12px;color:#0a5872;&quot;&gt;Your booking request was received&lt;/h2&gt;=0A            =
        &lt;p style=3D&quot;margin:0 0 12px;&quot;&gt;Hi user,&lt;/p&gt;=0A                    &lt;p=
 style=3D&quot;margin:0 0 16px;&quot;&gt;We received your booking request. Our admin tea=
m will review and update your booking status shortly.&lt;/p&gt;=0A               =
     &lt;table style=3D&quot;border-collapse:collapse;width:100%;max-width:700px;ma=
rgin:0 0 16px;&quot;&gt;&lt;tr&gt;&lt;td style=3D&quot;padding:8px 10px;border:1px solid #dbe7ef;=
background:#f8fbfd;font-weight:600;&quot;&gt;Booking Code&lt;/td&gt;&lt;td style=3D&quot;padding:=
8px 10px;border:1px solid #dbe7ef;&quot;&gt;WWS-8AE922F9&lt;/td&gt;&lt;/tr&gt;&lt;tr&gt;&lt;td style=3D&quot;=
padding:8px 10px;border:1px solid #dbe7ef;background:#f8fbfd;font-weight:60=
0;&quot;&gt;Schedule&lt;/td&gt;&lt;td style=3D&quot;padding:8px 10px;border:1px solid #dbe7ef;&quot;&gt;M=
ay 31, 2026 at 04:00 PM&lt;/td&gt;&lt;/tr&gt;&lt;tr&gt;&lt;td style=3D&quot;padding:8px 10px;border:1=
px solid #dbe7ef;background:#f8fbfd;font-weight:600;&quot;&gt;Booking Status&lt;/td&gt;&lt;t=
d style=3D&quot;padding:8px 10px;border:1px solid #dbe7ef;&quot;&gt;Pending&lt;/td&gt;&lt;/tr&gt;&lt;tr=
&gt;&lt;td style=3D&quot;padding:8px 10px;border:1px solid #dbe7ef;background:#f8fbfd;=
font-weight:600;&quot;&gt;Payment Status&lt;/td&gt;&lt;td style=3D&quot;padding:8px 10px;border:1=
px solid #dbe7ef;&quot;&gt;Unpaid&lt;/td&gt;&lt;/tr&gt;&lt;tr&gt;&lt;td style=3D&quot;padding:8px 10px;border=
:1px solid #dbe7ef;background:#f8fbfd;font-weight:600;&quot;&gt;Down Payment Status=
&lt;/td&gt;&lt;td style=3D&quot;padding:8px 10px;border:1px solid #dbe7ef;&quot;&gt;Unpaid&lt;/td&gt;&lt;/=
tr&gt;&lt;tr&gt;&lt;td style=3D&quot;padding:8px 10px;border:1px solid #dbe7ef;background:#f=
8fbfd;font-weight:600;&quot;&gt;Total Amount&lt;/td&gt;&lt;td style=3D&quot;padding:8px 10px;bord=
er:1px solid #dbe7ef;&quot;&gt;PHP 5,000.00&lt;/td&gt;&lt;/tr&gt;&lt;tr&gt;&lt;td style=3D&quot;padding:8px 1=
0px;border:1px solid #dbe7ef;background:#f8fbfd;font-weight:600;&quot;&gt;Selected =
Activities&lt;/td&gt;&lt;td style=3D&quot;padding:8px 10px;border:1px solid #dbe7ef;&quot;&gt;Spe=
ed Boat&lt;/td&gt;&lt;/tr&gt;&lt;/table&gt;=0A                    &lt;p style=3D&quot;margin:0;&quot;&gt;Than=
k you,&lt;br&gt;Waves Water Sports&lt;/p&gt;=0A                &lt;/div&gt;

--B_ALT_6a031eee1253d5.13632299--</pre>
DEBUG - 2026-05-12 20:37:04 --> Session: Class initialized using 'CodeIgniter\Session\Handlers\FileHandler' driver.
DEBUG - 2026-05-12 20:37:23 --> Session: Class initialized using 'CodeIgniter\Session\Handlers\FileHandler' driver.
INFO - 2026-05-12 20:37:23 --> [BOOKING-EMAIL] START: Attempting to send "Payment Submitted" for booking 71
DEBUG - 2026-05-12 20:37:23 --> [BOOKING-EMAIL] DB connected for booking 71
DEBUG - 2026-05-12 20:37:23 --> [BOOKING-EMAIL] Booking 71 fetched: code=WWS-8AE922F9, user_id=N/A
INFO - 2026-05-12 20:37:23 --> [BOOKING-EMAIL] Email target: user@gmail.com for booking 71
DEBUG - 2026-05-12 20:37:23 --> [BOOKING-EMAIL] Email body composed for booking 71. To: user@gmail.com
DEBUG - 2026-05-12 20:37:23 --> [BOOKING-EMAIL] Calling email->send() for booking 71
ERROR - 2026-05-12 20:37:26 --> Email: sendWithSmtp throwed ErrorException: fsockopen(): SSL operation failed with code 1. OpenSSL Error messages:
error:0A00010B:SSL routines::wrong version number in C:\Users\earls\Documents\GitHub\MARISENSE\src\vendor\codeigniter4\framework\system\Email\Email.php:1910
Stack trace:
#0 [internal function]: CodeIgniter\Debug\Exceptions->errorHandler(2, 'fsockopen(): SS...', 'C:\\Users\\earls\\...', 1910)
#1 C:\Users\earls\Documents\GitHub\MARISENSE\src\vendor\codeigniter4\framework\system\Email\Email.php(1910): fsockopen('ssl://smtp.gmai...', 587, NULL, NULL, 5)
#2 C:\Users\earls\Documents\GitHub\MARISENSE\src\vendor\codeigniter4\framework\system\Email\Email.php(1823): CodeIgniter\Email\Email->SMTPConnect()
#3 C:\Users\earls\Documents\GitHub\MARISENSE\src\vendor\codeigniter4\framework\system\Email\Email.php(1708): CodeIgniter\Email\Email->sendWithSmtp()
#4 C:\Users\earls\Documents\GitHub\MARISENSE\src\vendor\codeigniter4\framework\system\Email\Email.php(1602): CodeIgniter\Email\Email->spoolEmail()
#5 C:\Users\earls\Documents\GitHub\MARISENSE\src\app\Controllers\user.php(140): CodeIgniter\Email\Email->send()
#6 C:\Users\earls\Documents\GitHub\MARISENSE\src\app\Controllers\user.php(672): App\Controllers\User->sendBookingActionNotification(71, 'Payment Submitt...', 'Your payment su...', 'We received you...', Array)
#7 C:\Users\earls\Documents\GitHub\MARISENSE\src\vendor\codeigniter4\framework\system\CodeIgniter.php(951): App\Controllers\User->payBooking()
#8 C:\Users\earls\Documents\GitHub\MARISENSE\src\vendor\codeigniter4\framework\system\CodeIgniter.php(497): CodeIgniter\CodeIgniter->runController(Object(App\Controllers\User))
#9 C:\Users\earls\Documents\GitHub\MARISENSE\src\vendor\codeigniter4\framework\system\CodeIgniter.php(340): CodeIgniter\CodeIgniter->handleRequest(NULL, Object(Config\Cache), false)
#10 C:\Users\earls\Documents\GitHub\MARISENSE\src\vendor\codeigniter4\framework\system\Boot.php(417): CodeIgniter\CodeIgniter->run()
#11 C:\Users\earls\Documents\GitHub\MARISENSE\src\vendor\codeigniter4\framework\system\Boot.php(68): CodeIgniter\Boot::runCodeIgniter(Object(CodeIgniter\CodeIgniter))
#12 C:\Users\earls\Documents\GitHub\MARISENSE\src\public\index.php(59): CodeIgniter\Boot::bootWeb(Object(Config\Paths))
#13 C:\Users\earls\Documents\GitHub\MARISENSE\src\vendor\codeigniter4\framework\system\rewrite.php(44): require_once('C:\\Users\\earls\\...')
#14 {main}
ERROR - 2026-05-12 20:37:26 --> Email: Unable to send email using SMTP. Your server might not be configured to send mail using this method.
ERROR - 2026-05-12 20:37:26 --> 
ERROR - 2026-05-12 20:37:26 --> [BOOKING-EMAIL] FAILED: Email not sent for booking 71 to user@gmail.com
ERROR - 2026-05-12 20:37:26 --> [BOOKING-EMAIL] DEBUGGER OUTPUT: Unable to send email using SMTP. Your server might not be configured to send mail using this method.<br><pre>Date: Tue, 12 May 2026 20:37:23 +0800
To: user@gmail.com
From: &quot;Waves Water Sports&quot; &lt;admin@marisense.networq.online&gt;
Return-Path: &lt;admin@marisense.networq.online&gt;
Subject: =?UTF-8?Q?Payment=20Submitted?=
Reply-To: &lt;admin@marisense.networq.online&gt;
User-Agent: CodeIgniter
X-Sender: admin@marisense.networq.online
X-Mailer: CodeIgniter
X-Priority: 3 (Normal)
Message-ID: &lt;6a031f03d44dd5.58741200@marisense.networq.online&gt;
Mime-Version: 1.0


Content-Type: multipart/alternative; boundary=&quot;B_ALT_6a031f03d45053.85285892&quot;

This is a multi-part message in MIME format.
Your email application may not support this format.

--B_ALT_6a031f03d45053.85285892
Content-Type: text/plain; charset=UTF-8
Content-Transfer-Encoding: 8bit

Your payment submission was received
 Hi user,
 We received your payment receipt. Our admin team will verify it and send
another email once reviewed.
 Booking CodeWWS-8AE922F9ScheduleMay 31, 2026 at 04:00 PMBooking
StatusPendingPayment StatusUnpaidDown Payment StatusPaidPayment TypeDown
Payment (50%)Amount SubmittedPHP 2,500.00GCash Reference12345678Verification
StatusPending Admin Verification
 Thank you,Waves Water Sports


--B_ALT_6a031f03d45053.85285892
Content-Type: text/html; charset=UTF-8
Content-Transfer-Encoding: quoted-printable

=0A                &lt;div style=3D&quot;font-family:Arial,Helvetica,sans-serif;lin=
e-height:1.6;color:#163447;&quot;&gt;=0A                    &lt;h2 style=3D&quot;margin:0 0=
 12px;color:#0a5872;&quot;&gt;Your payment submission was received&lt;/h2&gt;=0A         =
           &lt;p style=3D&quot;margin:0 0 12px;&quot;&gt;Hi user,&lt;/p&gt;=0A                   =
 &lt;p style=3D&quot;margin:0 0 16px;&quot;&gt;We received your payment receipt. Our admin =
team will verify it and send another email once reviewed.&lt;/p&gt;=0A           =
         &lt;table style=3D&quot;border-collapse:collapse;width:100%;max-width:700p=
x;margin:0 0 16px;&quot;&gt;&lt;tr&gt;&lt;td style=3D&quot;padding:8px 10px;border:1px solid #dbe=
7ef;background:#f8fbfd;font-weight:600;&quot;&gt;Booking Code&lt;/td&gt;&lt;td style=3D&quot;padd=
ing:8px 10px;border:1px solid #dbe7ef;&quot;&gt;WWS-8AE922F9&lt;/td&gt;&lt;/tr&gt;&lt;tr&gt;&lt;td style=
=3D&quot;padding:8px 10px;border:1px solid #dbe7ef;background:#f8fbfd;font-weigh=
t:600;&quot;&gt;Schedule&lt;/td&gt;&lt;td style=3D&quot;padding:8px 10px;border:1px solid #dbe7ef=
;&quot;&gt;May 31, 2026 at 04:00 PM&lt;/td&gt;&lt;/tr&gt;&lt;tr&gt;&lt;td style=3D&quot;padding:8px 10px;bord=
er:1px solid #dbe7ef;background:#f8fbfd;font-weight:600;&quot;&gt;Booking Status&lt;/t=
d&gt;&lt;td style=3D&quot;padding:8px 10px;border:1px solid #dbe7ef;&quot;&gt;Pending&lt;/td&gt;&lt;/tr=
&gt;&lt;tr&gt;&lt;td style=3D&quot;padding:8px 10px;border:1px solid #dbe7ef;background:#f8f=
bfd;font-weight:600;&quot;&gt;Payment Status&lt;/td&gt;&lt;td style=3D&quot;padding:8px 10px;bord=
er:1px solid #dbe7ef;&quot;&gt;Unpaid&lt;/td&gt;&lt;/tr&gt;&lt;tr&gt;&lt;td style=3D&quot;padding:8px 10px;bo=
rder:1px solid #dbe7ef;background:#f8fbfd;font-weight:600;&quot;&gt;Down Payment St=
atus&lt;/td&gt;&lt;td style=3D&quot;padding:8px 10px;border:1px solid #dbe7ef;&quot;&gt;Paid&lt;/td&gt;=
&lt;/tr&gt;&lt;tr&gt;&lt;td style=3D&quot;padding:8px 10px;border:1px solid #dbe7ef;background:=
#f8fbfd;font-weight:600;&quot;&gt;Payment Type&lt;/td&gt;&lt;td style=3D&quot;padding:8px 10px;bo=
rder:1px solid #dbe7ef;&quot;&gt;Down Payment (50%)&lt;/td&gt;&lt;/tr&gt;&lt;tr&gt;&lt;td style=3D&quot;paddi=
ng:8px 10px;border:1px solid #dbe7ef;background:#f8fbfd;font-weight:600;&quot;&gt;A=
mount Submitted&lt;/td&gt;&lt;td style=3D&quot;padding:8px 10px;border:1px solid #dbe7ef;=
&quot;&gt;PHP 2,500.00&lt;/td&gt;&lt;/tr&gt;&lt;tr&gt;&lt;td style=3D&quot;padding:8px 10px;border:1px solid =
#dbe7ef;background:#f8fbfd;font-weight:600;&quot;&gt;GCash Reference&lt;/td&gt;&lt;td style=
=3D&quot;padding:8px 10px;border:1px solid #dbe7ef;&quot;&gt;12345678&lt;/td&gt;&lt;/tr&gt;&lt;tr&gt;&lt;td s=
tyle=3D&quot;padding:8px 10px;border:1px solid #dbe7ef;background:#f8fbfd;font-w=
eight:600;&quot;&gt;Verification Status&lt;/td&gt;&lt;td style=3D&quot;padding:8px 10px;border:1p=
x solid #dbe7ef;&quot;&gt;Pending Admin Verification&lt;/td&gt;&lt;/tr&gt;&lt;/table&gt;=0A          =
          &lt;p style=3D&quot;margin:0;&quot;&gt;Thank you,&lt;br&gt;Waves Water Sports&lt;/p&gt;=0A   =
             &lt;/div&gt;

--B_ALT_6a031f03d45053.85285892--</pre>
DEBUG - 2026-05-12 20:37:26 --> Session: Class initialized using 'CodeIgniter\Session\Handlers\FileHandler' driver.
DEBUG - 2026-05-12 20:37:38 --> Session: Class initialized using 'CodeIgniter\Session\Handlers\FileHandler' driver.
DEBUG - 2026-05-12 20:37:42 --> Session: Class initialized using 'CodeIgniter\Session\Handlers\FileHandler' driver.
DEBUG - 2026-05-12 20:37:47 --> Session: Class initialized using 'CodeIgniter\Session\Handlers\FileHandler' driver.
DEBUG - 2026-05-12 20:37:58 --> Session: Class initialized using 'CodeIgniter\Session\Handlers\FileHandler' driver.
INFO - 2026-05-12 20:37:58 --> [BOOKING-EMAIL] START: Attempting to send "Down Payment Marked as Paid" for booking 71
DEBUG - 2026-05-12 20:37:58 --> [BOOKING-EMAIL] DB connected for booking 71
DEBUG - 2026-05-12 20:37:58 --> [BOOKING-EMAIL] Booking 71 fetched: code=WWS-8AE922F9, user_id=N/A
INFO - 2026-05-12 20:37:58 --> [BOOKING-EMAIL] Email target: user@gmail.com for booking 71
DEBUG - 2026-05-12 20:37:58 --> [BOOKING-EMAIL] Email body composed for booking 71. To: user@gmail.com
DEBUG - 2026-05-12 20:37:58 --> [BOOKING-EMAIL] Calling email->send() for booking 71
ERROR - 2026-05-12 20:38:01 --> Email: sendWithSmtp throwed ErrorException: fsockopen(): SSL operation failed with code 1. OpenSSL Error messages:
error:0A00010B:SSL routines::wrong version number in C:\Users\earls\Documents\GitHub\MARISENSE\src\vendor\codeigniter4\framework\system\Email\Email.php:1910
Stack trace:
#0 [internal function]: CodeIgniter\Debug\Exceptions->errorHandler(2, 'fsockopen(): SS...', 'C:\\Users\\earls\\...', 1910)
#1 C:\Users\earls\Documents\GitHub\MARISENSE\src\vendor\codeigniter4\framework\system\Email\Email.php(1910): fsockopen('ssl://smtp.gmai...', 587, NULL, NULL, 5)
#2 C:\Users\earls\Documents\GitHub\MARISENSE\src\vendor\codeigniter4\framework\system\Email\Email.php(1823): CodeIgniter\Email\Email->SMTPConnect()
#3 C:\Users\earls\Documents\GitHub\MARISENSE\src\vendor\codeigniter4\framework\system\Email\Email.php(1708): CodeIgniter\Email\Email->sendWithSmtp()
#4 C:\Users\earls\Documents\GitHub\MARISENSE\src\vendor\codeigniter4\framework\system\Email\Email.php(1602): CodeIgniter\Email\Email->spoolEmail()
#5 C:\Users\earls\Documents\GitHub\MARISENSE\src\app\Controllers\admin.php(149): CodeIgniter\Email\Email->send()
#6 C:\Users\earls\Documents\GitHub\MARISENSE\src\app\Controllers\admin.php(656): App\Controllers\Admin->sendBookingActionNotification(71, 'Down Payment Ma...', 'Your booking pa...', 'Our admin team ...')
#7 C:\Users\earls\Documents\GitHub\MARISENSE\src\vendor\codeigniter4\framework\system\CodeIgniter.php(951): App\Controllers\Admin->updatePayment()
#8 C:\Users\earls\Documents\GitHub\MARISENSE\src\vendor\codeigniter4\framework\system\CodeIgniter.php(497): CodeIgniter\CodeIgniter->runController(Object(App\Controllers\Admin))
#9 C:\Users\earls\Documents\GitHub\MARISENSE\src\vendor\codeigniter4\framework\system\CodeIgniter.php(340): CodeIgniter\CodeIgniter->handleRequest(NULL, Object(Config\Cache), false)
#10 C:\Users\earls\Documents\GitHub\MARISENSE\src\vendor\codeigniter4\framework\system\Boot.php(417): CodeIgniter\CodeIgniter->run()
#11 C:\Users\earls\Documents\GitHub\MARISENSE\src\vendor\codeigniter4\framework\system\Boot.php(68): CodeIgniter\Boot::runCodeIgniter(Object(CodeIgniter\CodeIgniter))
#12 C:\Users\earls\Documents\GitHub\MARISENSE\src\public\index.php(59): CodeIgniter\Boot::bootWeb(Object(Config\Paths))
#13 C:\Users\earls\Documents\GitHub\MARISENSE\src\vendor\codeigniter4\framework\system\rewrite.php(44): require_once('C:\\Users\\earls\\...')
#14 {main}
ERROR - 2026-05-12 20:38:01 --> Email: Unable to send email using SMTP. Your server might not be configured to send mail using this method.
ERROR - 2026-05-12 20:38:01 --> 
ERROR - 2026-05-12 20:38:01 --> [BOOKING-EMAIL] FAILED: Email not sent for booking 71 to user@gmail.com
ERROR - 2026-05-12 20:38:01 --> [BOOKING-EMAIL] DEBUGGER OUTPUT: Unable to send email using SMTP. Your server might not be configured to send mail using this method.<br><pre>Date: Tue, 12 May 2026 20:37:58 +0800
To: user@gmail.com
From: &quot;Waves Water Sports&quot; &lt;admin@marisense.networq.online&gt;
Return-Path: &lt;admin@marisense.networq.online&gt;
Subject: =?UTF-8?Q?Down=20Payment=20Marked=20as=20Paid?=
Reply-To: &lt;admin@marisense.networq.online&gt;
User-Agent: CodeIgniter
X-Sender: admin@marisense.networq.online
X-Mailer: CodeIgniter
X-Priority: 3 (Normal)
Message-ID: &lt;6a031f26b94962.93877946@marisense.networq.online&gt;
Mime-Version: 1.0


Content-Type: multipart/alternative; boundary=&quot;B_ALT_6a031f26b94c24.11138259&quot;

This is a multi-part message in MIME format.
Your email application may not support this format.

--B_ALT_6a031f26b94c24.11138259
Content-Type: text/plain; charset=UTF-8
Content-Transfer-Encoding: 8bit

Your booking payment was updated
 Hi user,
 Our admin team marked your booking as 50% paid.
 Booking CodeWWS-8AE922F9ScheduleMay 31, 2026 at 04:00 PMBooking
StatusPendingPayment StatusUnpaidDown Payment StatusPaid
 Thank you,Waves Water Sports


--B_ALT_6a031f26b94c24.11138259
Content-Type: text/html; charset=UTF-8
Content-Transfer-Encoding: quoted-printable

=0A                &lt;div style=3D&quot;font-family:Arial,Helvetica,sans-serif;lin=
e-height:1.6;color:#163447;&quot;&gt;=0A                    &lt;h2 style=3D&quot;margin:0 0=
 12px;color:#0a5872;&quot;&gt;Your booking payment was updated&lt;/h2&gt;=0A             =
       &lt;p style=3D&quot;margin:0 0 12px;&quot;&gt;Hi user,&lt;/p&gt;=0A                    &lt;p =
style=3D&quot;margin:0 0 16px;&quot;&gt;Our admin team marked your booking as 50% paid.&lt;=
/p&gt;=0A                    &lt;table style=3D&quot;border-collapse:collapse;width:10=
0%;max-width:700px;margin:0 0 16px;&quot;&gt;&lt;tr&gt;&lt;td style=3D&quot;padding:8px 10px;bord=
er:1px solid #dbe7ef;background:#f8fbfd;font-weight:600;&quot;&gt;Booking Code&lt;/td&gt;=
&lt;td style=3D&quot;padding:8px 10px;border:1px solid #dbe7ef;&quot;&gt;WWS-8AE922F9&lt;/td&gt;&lt;=
/tr&gt;&lt;tr&gt;&lt;td style=3D&quot;padding:8px 10px;border:1px solid #dbe7ef;background:#=
f8fbfd;font-weight:600;&quot;&gt;Schedule&lt;/td&gt;&lt;td style=3D&quot;padding:8px 10px;border:=
1px solid #dbe7ef;&quot;&gt;May 31, 2026 at 04:00 PM&lt;/td&gt;&lt;/tr&gt;&lt;tr&gt;&lt;td style=3D&quot;padd=
ing:8px 10px;border:1px solid #dbe7ef;background:#f8fbfd;font-weight:600;&quot;&gt;=
Booking Status&lt;/td&gt;&lt;td style=3D&quot;padding:8px 10px;border:1px solid #dbe7ef;&quot;=
&gt;Pending&lt;/td&gt;&lt;/tr&gt;&lt;tr&gt;&lt;td style=3D&quot;padding:8px 10px;border:1px solid #dbe7e=
f;background:#f8fbfd;font-weight:600;&quot;&gt;Payment Status&lt;/td&gt;&lt;td style=3D&quot;padd=
ing:8px 10px;border:1px solid #dbe7ef;&quot;&gt;Unpaid&lt;/td&gt;&lt;/tr&gt;&lt;tr&gt;&lt;td style=3D&quot;pa=
dding:8px 10px;border:1px solid #dbe7ef;background:#f8fbfd;font-weight:600;=
&quot;&gt;Down Payment Status&lt;/td&gt;&lt;td style=3D&quot;padding:8px 10px;border:1px solid #d=
be7ef;&quot;&gt;Paid&lt;/td&gt;&lt;/tr&gt;&lt;/table&gt;=0A                    &lt;p style=3D&quot;margin:0;&quot;=
&gt;Thank you,&lt;br&gt;Waves Water Sports&lt;/p&gt;=0A                &lt;/div&gt;

--B_ALT_6a031f26b94c24.11138259--</pre>
DEBUG - 2026-05-12 20:38:01 --> Session: Class initialized using 'CodeIgniter\Session\Handlers\FileHandler' driver.
DEBUG - 2026-05-12 20:38:06 --> Session: Class initialized using 'CodeIgniter\Session\Handlers\FileHandler' driver.
INFO - 2026-05-12 20:38:06 --> [BOOKING-EMAIL] START: Attempting to send "Booking Confirmed by Admin" for booking 71
DEBUG - 2026-05-12 20:38:06 --> [BOOKING-EMAIL] DB connected for booking 71
DEBUG - 2026-05-12 20:38:06 --> [BOOKING-EMAIL] Booking 71 fetched: code=WWS-8AE922F9, user_id=N/A
INFO - 2026-05-12 20:38:06 --> [BOOKING-EMAIL] Email target: user@gmail.com for booking 71
DEBUG - 2026-05-12 20:38:06 --> [BOOKING-EMAIL] Email body composed for booking 71. To: user@gmail.com
DEBUG - 2026-05-12 20:38:06 --> [BOOKING-EMAIL] Calling email->send() for booking 71
ERROR - 2026-05-12 20:38:09 --> Email: sendWithSmtp throwed ErrorException: fsockopen(): SSL operation failed with code 1. OpenSSL Error messages:
error:0A00010B:SSL routines::wrong version number in C:\Users\earls\Documents\GitHub\MARISENSE\src\vendor\codeigniter4\framework\system\Email\Email.php:1910
Stack trace:
#0 [internal function]: CodeIgniter\Debug\Exceptions->errorHandler(2, 'fsockopen(): SS...', 'C:\\Users\\earls\\...', 1910)
#1 C:\Users\earls\Documents\GitHub\MARISENSE\src\vendor\codeigniter4\framework\system\Email\Email.php(1910): fsockopen('ssl://smtp.gmai...', 587, NULL, NULL, 5)
#2 C:\Users\earls\Documents\GitHub\MARISENSE\src\vendor\codeigniter4\framework\system\Email\Email.php(1823): CodeIgniter\Email\Email->SMTPConnect()
#3 C:\Users\earls\Documents\GitHub\MARISENSE\src\vendor\codeigniter4\framework\system\Email\Email.php(1708): CodeIgniter\Email\Email->sendWithSmtp()
#4 C:\Users\earls\Documents\GitHub\MARISENSE\src\vendor\codeigniter4\framework\system\Email\Email.php(1602): CodeIgniter\Email\Email->spoolEmail()
#5 C:\Users\earls\Documents\GitHub\MARISENSE\src\app\Controllers\admin.php(149): CodeIgniter\Email\Email->send()
#6 C:\Users\earls\Documents\GitHub\MARISENSE\src\app\Controllers\admin.php(418): App\Controllers\Admin->sendBookingActionNotification(71, 'Booking Confirm...', 'Your booking ha...', 'Our admin team ...')
#7 C:\Users\earls\Documents\GitHub\MARISENSE\src\vendor\codeigniter4\framework\system\CodeIgniter.php(951): App\Controllers\Admin->updateBookingStatus()
#8 C:\Users\earls\Documents\GitHub\MARISENSE\src\vendor\codeigniter4\framework\system\CodeIgniter.php(497): CodeIgniter\CodeIgniter->runController(Object(App\Controllers\Admin))
#9 C:\Users\earls\Documents\GitHub\MARISENSE\src\vendor\codeigniter4\framework\system\CodeIgniter.php(340): CodeIgniter\CodeIgniter->handleRequest(NULL, Object(Config\Cache), false)
#10 C:\Users\earls\Documents\GitHub\MARISENSE\src\vendor\codeigniter4\framework\system\Boot.php(417): CodeIgniter\CodeIgniter->run()
#11 C:\Users\earls\Documents\GitHub\MARISENSE\src\vendor\codeigniter4\framework\system\Boot.php(68): CodeIgniter\Boot::runCodeIgniter(Object(CodeIgniter\CodeIgniter))
#12 C:\Users\earls\Documents\GitHub\MARISENSE\src\public\index.php(59): CodeIgniter\Boot::bootWeb(Object(Config\Paths))
#13 C:\Users\earls\Documents\GitHub\MARISENSE\src\vendor\codeigniter4\framework\system\rewrite.php(44): require_once('C:\\Users\\earls\\...')
#14 {main}
ERROR - 2026-05-12 20:38:09 --> Email: Unable to send email using SMTP. Your server might not be configured to send mail using this method.
ERROR - 2026-05-12 20:38:09 --> 
ERROR - 2026-05-12 20:38:09 --> [BOOKING-EMAIL] FAILED: Email not sent for booking 71 to user@gmail.com
ERROR - 2026-05-12 20:38:09 --> [BOOKING-EMAIL] DEBUGGER OUTPUT: Unable to send email using SMTP. Your server might not be configured to send mail using this method.<br><pre>Date: Tue, 12 May 2026 20:38:06 +0800
To: user@gmail.com
From: &quot;Waves Water Sports&quot; &lt;admin@marisense.networq.online&gt;
Return-Path: &lt;admin@marisense.networq.online&gt;
Subject: =?UTF-8?Q?Booking=20Confirmed=20by=20Admin?=
Reply-To: &lt;admin@marisense.networq.online&gt;
User-Agent: CodeIgniter
X-Sender: admin@marisense.networq.online
X-Mailer: CodeIgniter
X-Priority: 3 (Normal)
Message-ID: &lt;6a031f2e67f8e9.75403796@marisense.networq.online&gt;
Mime-Version: 1.0


Content-Type: multipart/alternative; boundary=&quot;B_ALT_6a031f2e67fc17.74975418&quot;

This is a multi-part message in MIME format.
Your email application may not support this format.

--B_ALT_6a031f2e67fc17.74975418
Content-Type: text/plain; charset=UTF-8
Content-Transfer-Encoding: 8bit

Your booking has been confirmed
 Hi user,
 Our admin team has confirmed your booking request. Please proceed with
payment if still pending.
 Booking CodeWWS-8AE922F9ScheduleMay 31, 2026 at 04:00 PMBooking
StatusConfirmedPayment StatusUnpaidDown Payment StatusPaid
 Thank you,Waves Water Sports


--B_ALT_6a031f2e67fc17.74975418
Content-Type: text/html; charset=UTF-8
Content-Transfer-Encoding: quoted-printable

=0A                &lt;div style=3D&quot;font-family:Arial,Helvetica,sans-serif;lin=
e-height:1.6;color:#163447;&quot;&gt;=0A                    &lt;h2 style=3D&quot;margin:0 0=
 12px;color:#0a5872;&quot;&gt;Your booking has been confirmed&lt;/h2&gt;=0A              =
      &lt;p style=3D&quot;margin:0 0 12px;&quot;&gt;Hi user,&lt;/p&gt;=0A                    &lt;p s=
tyle=3D&quot;margin:0 0 16px;&quot;&gt;Our admin team has confirmed your booking request=
. Please proceed with payment if still pending.&lt;/p&gt;=0A                    &lt;=
table style=3D&quot;border-collapse:collapse;width:100%;max-width:700px;margin:0=
 0 16px;&quot;&gt;&lt;tr&gt;&lt;td style=3D&quot;padding:8px 10px;border:1px solid #dbe7ef;backgr=
ound:#f8fbfd;font-weight:600;&quot;&gt;Booking Code&lt;/td&gt;&lt;td style=3D&quot;padding:8px 10=
px;border:1px solid #dbe7ef;&quot;&gt;WWS-8AE922F9&lt;/td&gt;&lt;/tr&gt;&lt;tr&gt;&lt;td style=3D&quot;paddin=
g:8px 10px;border:1px solid #dbe7ef;background:#f8fbfd;font-weight:600;&quot;&gt;Sc=
hedule&lt;/td&gt;&lt;td style=3D&quot;padding:8px 10px;border:1px solid #dbe7ef;&quot;&gt;May 31,=
 2026 at 04:00 PM&lt;/td&gt;&lt;/tr&gt;&lt;tr&gt;&lt;td style=3D&quot;padding:8px 10px;border:1px sol=
id #dbe7ef;background:#f8fbfd;font-weight:600;&quot;&gt;Booking Status&lt;/td&gt;&lt;td styl=
e=3D&quot;padding:8px 10px;border:1px solid #dbe7ef;&quot;&gt;Confirmed&lt;/td&gt;&lt;/tr&gt;&lt;tr&gt;&lt;td=
 style=3D&quot;padding:8px 10px;border:1px solid #dbe7ef;background:#f8fbfd;font=
-weight:600;&quot;&gt;Payment Status&lt;/td&gt;&lt;td style=3D&quot;padding:8px 10px;border:1px s=
olid #dbe7ef;&quot;&gt;Unpaid&lt;/td&gt;&lt;/tr&gt;&lt;tr&gt;&lt;td style=3D&quot;padding:8px 10px;border:1px=
 solid #dbe7ef;background:#f8fbfd;font-weight:600;&quot;&gt;Down Payment Status&lt;/td=
&gt;&lt;td style=3D&quot;padding:8px 10px;border:1px solid #dbe7ef;&quot;&gt;Paid&lt;/td&gt;&lt;/tr&gt;&lt;/t=
able&gt;=0A                    &lt;p style=3D&quot;margin:0;&quot;&gt;Thank you,&lt;br&gt;Waves Wate=
r Sports&lt;/p&gt;=0A                &lt;/div&gt;

--B_ALT_6a031f2e67fc17.74975418--</pre>
DEBUG - 2026-05-12 20:38:09 --> Session: Class initialized using 'CodeIgniter\Session\Handlers\FileHandler' driver.
DEBUG - 2026-05-12 20:38:32 --> Session: Class initialized using 'CodeIgniter\Session\Handlers\FileHandler' driver.
DEBUG - 2026-05-12 20:38:38 --> Session: Class initialized using 'CodeIgniter\Session\Handlers\FileHandler' driver.
DEBUG - 2026-05-12 20:38:39 --> Session: Class initialized using 'CodeIgniter\Session\Handlers\FileHandler' driver.
DEBUG - 2026-05-12 20:38:51 --> Session: Class initialized using 'CodeIgniter\Session\Handlers\FileHandler' driver.
DEBUG - 2026-05-12 20:38:52 --> Session: Class initialized using 'CodeIgniter\Session\Handlers\FileHandler' driver.
DEBUG - 2026-05-12 20:38:59 --> Session: Class initialized using 'CodeIgniter\Session\Handlers\FileHandler' driver.
DEBUG - 2026-05-12 20:38:59 --> Session: Class initialized using 'CodeIgniter\Session\Handlers\FileHandler' driver.
DEBUG - 2026-05-12 20:39:19 --> Session: Class initialized using 'CodeIgniter\Session\Handlers\FileHandler' driver.
DEBUG - 2026-05-12 20:39:21 --> Session: Class initialized using 'CodeIgniter\Session\Handlers\FileHandler' driver.
DEBUG - 2026-05-12 20:39:26 --> Session: Class initialized using 'CodeIgniter\Session\Handlers\FileHandler' driver.
DEBUG - 2026-05-12 20:39:35 --> Session: Class initialized using 'CodeIgniter\Session\Handlers\FileHandler' driver.
DEBUG - 2026-05-12 20:39:46 --> Session: Class initialized using 'CodeIgniter\Session\Handlers\FileHandler' driver.
DEBUG - 2026-05-12 20:39:54 --> Session: Class initialized using 'CodeIgniter\Session\Handlers\FileHandler' driver.
DEBUG - 2026-05-12 20:40:01 --> Session: Class initialized using 'CodeIgniter\Session\Handlers\FileHandler' driver.
DEBUG - 2026-05-12 20:40:11 --> Session: Class initialized using 'CodeIgniter\Session\Handlers\FileHandler' driver.
DEBUG - 2026-05-12 20:40:36 --> Session: Class initialized using 'CodeIgniter\Session\Handlers\FileHandler' driver.
DEBUG - 2026-05-12 20:40:37 --> Session: Class initialized using 'CodeIgniter\Session\Handlers\FileHandler' driver.
DEBUG - 2026-05-12 20:40:39 --> Session: Class initialized using 'CodeIgniter\Session\Handlers\FileHandler' driver.
DEBUG - 2026-05-12 20:40:52 --> Session: Class initialized using 'CodeIgniter\Session\Handlers\FileHandler' driver.
DEBUG - 2026-05-12 20:40:57 --> Session: Class initialized using 'CodeIgniter\Session\Handlers\FileHandler' driver.
DEBUG - 2026-05-12 20:41:02 --> Session: Class initialized using 'CodeIgniter\Session\Handlers\FileHandler' driver.
DEBUG - 2026-05-12 20:41:20 --> Session: Class initialized using 'CodeIgniter\Session\Handlers\FileHandler' driver.
DEBUG - 2026-05-12 20:41:32 --> Session: Class initialized using 'CodeIgniter\Session\Handlers\FileHandler' driver.
DEBUG - 2026-05-12 20:41:39 --> Session: Class initialized using 'CodeIgniter\Session\Handlers\FileHandler' driver.
DEBUG - 2026-05-12 20:41:39 --> Session: Class initialized using 'CodeIgniter\Session\Handlers\FileHandler' driver.
DEBUG - 2026-05-12 20:42:37 --> Session: Class initialized using 'CodeIgniter\Session\Handlers\FileHandler' driver.
DEBUG - 2026-05-12 20:42:43 --> Session: Class initialized using 'CodeIgniter\Session\Handlers\FileHandler' driver.
DEBUG - 2026-05-12 20:46:38 --> Session: Class initialized using 'CodeIgniter\Session\Handlers\FileHandler' driver.
DEBUG - 2026-05-12 20:47:06 --> Session: Class initialized using 'CodeIgniter\Session\Handlers\FileHandler' driver.
DEBUG - 2026-05-12 20:47:40 --> Session: Class initialized using 'CodeIgniter\Session\Handlers\FileHandler' driver.
DEBUG - 2026-05-12 20:47:51 --> Session: Class initialized using 'CodeIgniter\Session\Handlers\FileHandler' driver.
DEBUG - 2026-05-12 20:47:51 --> Session: Class initialized using 'CodeIgniter\Session\Handlers\FileHandler' driver.
DEBUG - 2026-05-12 22:06:38 --> Session: Class initialized using 'CodeIgniter\Session\Handlers\FileHandler' driver.
DEBUG - 2026-05-12 22:06:49 --> Session: Class initialized using 'CodeIgniter\Session\Handlers\FileHandler' driver.
DEBUG - 2026-05-12 22:07:00 --> Session: Class initialized using 'CodeIgniter\Session\Handlers\FileHandler' driver.
DEBUG - 2026-05-12 22:14:09 --> Session: Class initialized using 'CodeIgniter\Session\Handlers\FileHandler' driver.
DEBUG - 2026-05-12 22:14:09 --> Session: Class initialized using 'CodeIgniter\Session\Handlers\FileHandler' driver.
DEBUG - 2026-05-12 22:14:12 --> Session: Class initialized using 'CodeIgniter\Session\Handlers\FileHandler' driver.
DEBUG - 2026-05-12 22:14:27 --> Session: Class initialized using 'CodeIgniter\Session\Handlers\FileHandler' driver.
DEBUG - 2026-05-12 22:14:27 --> Session: Class initialized using 'CodeIgniter\Session\Handlers\FileHandler' driver.
DEBUG - 2026-05-12 22:14:31 --> Session: Class initialized using 'CodeIgniter\Session\Handlers\FileHandler' driver.
DEBUG - 2026-05-12 22:38:27 --> Session: Class initialized using 'CodeIgniter\Session\Handlers\FileHandler' driver.
DEBUG - 2026-05-12 22:38:30 --> Session: Class initialized using 'CodeIgniter\Session\Handlers\FileHandler' driver.
DEBUG - 2026-05-12 22:38:30 --> Session: Class initialized using 'CodeIgniter\Session\Handlers\FileHandler' driver.
DEBUG - 2026-05-12 22:38:32 --> Session: Class initialized using 'CodeIgniter\Session\Handlers\FileHandler' driver.
DEBUG - 2026-05-12 22:38:35 --> Session: Class initialized using 'CodeIgniter\Session\Handlers\FileHandler' driver.
DEBUG - 2026-05-12 22:38:37 --> Session: Class initialized using 'CodeIgniter\Session\Handlers\FileHandler' driver.
DEBUG - 2026-05-12 22:38:44 --> Session: Class initialized using 'CodeIgniter\Session\Handlers\FileHandler' driver.
INFO - 2026-05-12 22:38:44 --> [BOOKING-EMAIL] START: Attempting to send "Booking Request Received" for booking 72
DEBUG - 2026-05-12 22:38:44 --> [BOOKING-EMAIL] DB connected for booking 72
DEBUG - 2026-05-12 22:38:44 --> [BOOKING-EMAIL] Booking 72 fetched: code=WWS-17D32AE2, user_id=N/A
INFO - 2026-05-12 22:38:44 --> [BOOKING-EMAIL] Email target: user@gmail.com for booking 72
DEBUG - 2026-05-12 22:38:44 --> [BOOKING-EMAIL] Email body composed for booking 72. To: user@gmail.com
DEBUG - 2026-05-12 22:38:44 --> [BOOKING-EMAIL] Calling email->send() for booking 72
ERROR - 2026-05-12 22:38:47 --> Email: sendWithSmtp throwed ErrorException: fsockopen(): SSL operation failed with code 1. OpenSSL Error messages:
error:0A00010B:SSL routines::wrong version number in C:\Users\earls\Documents\GitHub\MARISENSE\src\vendor\codeigniter4\framework\system\Email\Email.php:1910
Stack trace:
#0 [internal function]: CodeIgniter\Debug\Exceptions->errorHandler(2, 'fsockopen(): SS...', 'C:\\Users\\earls\\...', 1910)
#1 C:\Users\earls\Documents\GitHub\MARISENSE\src\vendor\codeigniter4\framework\system\Email\Email.php(1910): fsockopen('ssl://smtp.gmai...', 587, NULL, NULL, 5)
#2 C:\Users\earls\Documents\GitHub\MARISENSE\src\vendor\codeigniter4\framework\system\Email\Email.php(1823): CodeIgniter\Email\Email->SMTPConnect()
#3 C:\Users\earls\Documents\GitHub\MARISENSE\src\vendor\codeigniter4\framework\system\Email\Email.php(1708): CodeIgniter\Email\Email->sendWithSmtp()
#4 C:\Users\earls\Documents\GitHub\MARISENSE\src\vendor\codeigniter4\framework\system\Email\Email.php(1602): CodeIgniter\Email\Email->spoolEmail()
#5 C:\Users\earls\Documents\GitHub\MARISENSE\src\app\Controllers\user.php(140): CodeIgniter\Email\Email->send()
#6 C:\Users\earls\Documents\GitHub\MARISENSE\src\app\Controllers\user.php(446): App\Controllers\User->sendBookingActionNotification(72, 'Booking Request...', 'Your booking re...', 'We received you...', Array)
#7 C:\Users\earls\Documents\GitHub\MARISENSE\src\vendor\codeigniter4\framework\system\CodeIgniter.php(951): App\Controllers\User->storeBooking()
#8 C:\Users\earls\Documents\GitHub\MARISENSE\src\vendor\codeigniter4\framework\system\CodeIgniter.php(497): CodeIgniter\CodeIgniter->runController(Object(App\Controllers\User))
#9 C:\Users\earls\Documents\GitHub\MARISENSE\src\vendor\codeigniter4\framework\system\CodeIgniter.php(340): CodeIgniter\CodeIgniter->handleRequest(NULL, Object(Config\Cache), false)
#10 C:\Users\earls\Documents\GitHub\MARISENSE\src\vendor\codeigniter4\framework\system\Boot.php(417): CodeIgniter\CodeIgniter->run()
#11 C:\Users\earls\Documents\GitHub\MARISENSE\src\vendor\codeigniter4\framework\system\Boot.php(68): CodeIgniter\Boot::runCodeIgniter(Object(CodeIgniter\CodeIgniter))
#12 C:\Users\earls\Documents\GitHub\MARISENSE\src\public\index.php(59): CodeIgniter\Boot::bootWeb(Object(Config\Paths))
#13 C:\Users\earls\Documents\GitHub\MARISENSE\src\vendor\codeigniter4\framework\system\rewrite.php(44): require_once('C:\\Users\\earls\\...')
#14 {main}
ERROR - 2026-05-12 22:38:47 --> Email: Unable to send email using SMTP. Your server might not be configured to send mail using this method.
ERROR - 2026-05-12 22:38:47 --> 
ERROR - 2026-05-12 22:38:47 --> [BOOKING-EMAIL] FAILED: Email not sent for booking 72 to user@gmail.com
ERROR - 2026-05-12 22:38:47 --> [BOOKING-EMAIL] DEBUGGER OUTPUT: Unable to send email using SMTP. Your server might not be configured to send mail using this method.<br><pre>Date: Tue, 12 May 2026 22:38:44 +0800
To: user@gmail.com
From: &quot;Waves Water Sports&quot; &lt;admin@marisense.networq.online&gt;
Return-Path: &lt;admin@marisense.networq.online&gt;
Subject: =?UTF-8?Q?Booking=20Request=20Received?=
Reply-To: &lt;admin@marisense.networq.online&gt;
User-Agent: CodeIgniter
X-Sender: admin@marisense.networq.online
X-Mailer: CodeIgniter
X-Priority: 3 (Normal)
Message-ID: &lt;6a033b74889301.06608507@marisense.networq.online&gt;
Mime-Version: 1.0


Content-Type: multipart/alternative; boundary=&quot;B_ALT_6a033b748895a4.34129435&quot;

This is a multi-part message in MIME format.
Your email application may not support this format.

--B_ALT_6a033b748895a4.34129435
Content-Type: text/plain; charset=UTF-8
Content-Transfer-Encoding: 8bit

Your booking request was received
 Hi user,
 We received your booking request. Our admin team will review and update
your booking status shortly.
 Booking CodeWWS-17D32AE2ScheduleMay 31, 2026 at 07:00 AMBooking
StatusPendingPayment StatusUnpaidDown Payment StatusUnpaidTotal AmountPHP
5,000.00Selected ActivitiesSpeed Boat
 Thank you,Waves Water Sports


--B_ALT_6a033b748895a4.34129435
Content-Type: text/html; charset=UTF-8
Content-Transfer-Encoding: quoted-printable

=0A                &lt;div style=3D&quot;font-family:Arial,Helvetica,sans-serif;lin=
e-height:1.6;color:#163447;&quot;&gt;=0A                    &lt;h2 style=3D&quot;margin:0 0=
 12px;color:#0a5872;&quot;&gt;Your booking request was received&lt;/h2&gt;=0A            =
        &lt;p style=3D&quot;margin:0 0 12px;&quot;&gt;Hi user,&lt;/p&gt;=0A                    &lt;p=
 style=3D&quot;margin:0 0 16px;&quot;&gt;We received your booking request. Our admin tea=
m will review and update your booking status shortly.&lt;/p&gt;=0A               =
     &lt;table style=3D&quot;border-collapse:collapse;width:100%;max-width:700px;ma=
rgin:0 0 16px;&quot;&gt;&lt;tr&gt;&lt;td style=3D&quot;padding:8px 10px;border:1px solid #dbe7ef;=
background:#f8fbfd;font-weight:600;&quot;&gt;Booking Code&lt;/td&gt;&lt;td style=3D&quot;padding:=
8px 10px;border:1px solid #dbe7ef;&quot;&gt;WWS-17D32AE2&lt;/td&gt;&lt;/tr&gt;&lt;tr&gt;&lt;td style=3D&quot;=
padding:8px 10px;border:1px solid #dbe7ef;background:#f8fbfd;font-weight:60=
0;&quot;&gt;Schedule&lt;/td&gt;&lt;td style=3D&quot;padding:8px 10px;border:1px solid #dbe7ef;&quot;&gt;M=
ay 31, 2026 at 07:00 AM&lt;/td&gt;&lt;/tr&gt;&lt;tr&gt;&lt;td style=3D&quot;padding:8px 10px;border:1=
px solid #dbe7ef;background:#f8fbfd;font-weight:600;&quot;&gt;Booking Status&lt;/td&gt;&lt;t=
d style=3D&quot;padding:8px 10px;border:1px solid #dbe7ef;&quot;&gt;Pending&lt;/td&gt;&lt;/tr&gt;&lt;tr=
&gt;&lt;td style=3D&quot;padding:8px 10px;border:1px solid #dbe7ef;background:#f8fbfd;=
font-weight:600;&quot;&gt;Payment Status&lt;/td&gt;&lt;td style=3D&quot;padding:8px 10px;border:1=
px solid #dbe7ef;&quot;&gt;Unpaid&lt;/td&gt;&lt;/tr&gt;&lt;tr&gt;&lt;td style=3D&quot;padding:8px 10px;border=
:1px solid #dbe7ef;background:#f8fbfd;font-weight:600;&quot;&gt;Down Payment Status=
&lt;/td&gt;&lt;td style=3D&quot;padding:8px 10px;border:1px solid #dbe7ef;&quot;&gt;Unpaid&lt;/td&gt;&lt;/=
tr&gt;&lt;tr&gt;&lt;td style=3D&quot;padding:8px 10px;border:1px solid #dbe7ef;background:#f=
8fbfd;font-weight:600;&quot;&gt;Total Amount&lt;/td&gt;&lt;td style=3D&quot;padding:8px 10px;bord=
er:1px solid #dbe7ef;&quot;&gt;PHP 5,000.00&lt;/td&gt;&lt;/tr&gt;&lt;tr&gt;&lt;td style=3D&quot;padding:8px 1=
0px;border:1px solid #dbe7ef;background:#f8fbfd;font-weight:600;&quot;&gt;Selected =
Activities&lt;/td&gt;&lt;td style=3D&quot;padding:8px 10px;border:1px solid #dbe7ef;&quot;&gt;Spe=
ed Boat&lt;/td&gt;&lt;/tr&gt;&lt;/table&gt;=0A                    &lt;p style=3D&quot;margin:0;&quot;&gt;Than=
k you,&lt;br&gt;Waves Water Sports&lt;/p&gt;=0A                &lt;/div&gt;

--B_ALT_6a033b748895a4.34129435--</pre>
DEBUG - 2026-05-12 22:38:47 --> Session: Class initialized using 'CodeIgniter\Session\Handlers\FileHandler' driver.
DEBUG - 2026-05-12 22:38:58 --> Session: Class initialized using 'CodeIgniter\Session\Handlers\FileHandler' driver.
INFO - 2026-05-12 22:38:58 --> [BOOKING-EMAIL] START: Attempting to send "Payment Submitted" for booking 72
DEBUG - 2026-05-12 22:38:58 --> [BOOKING-EMAIL] DB connected for booking 72
DEBUG - 2026-05-12 22:38:58 --> [BOOKING-EMAIL] Booking 72 fetched: code=WWS-17D32AE2, user_id=N/A
INFO - 2026-05-12 22:38:58 --> [BOOKING-EMAIL] Email target: user@gmail.com for booking 72
DEBUG - 2026-05-12 22:38:58 --> [BOOKING-EMAIL] Email body composed for booking 72. To: user@gmail.com
DEBUG - 2026-05-12 22:38:58 --> [BOOKING-EMAIL] Calling email->send() for booking 72
ERROR - 2026-05-12 22:39:01 --> Email: sendWithSmtp throwed ErrorException: fsockopen(): SSL operation failed with code 1. OpenSSL Error messages:
error:0A00010B:SSL routines::wrong version number in C:\Users\earls\Documents\GitHub\MARISENSE\src\vendor\codeigniter4\framework\system\Email\Email.php:1910
Stack trace:
#0 [internal function]: CodeIgniter\Debug\Exceptions->errorHandler(2, 'fsockopen(): SS...', 'C:\\Users\\earls\\...', 1910)
#1 C:\Users\earls\Documents\GitHub\MARISENSE\src\vendor\codeigniter4\framework\system\Email\Email.php(1910): fsockopen('ssl://smtp.gmai...', 587, NULL, NULL, 5)
#2 C:\Users\earls\Documents\GitHub\MARISENSE\src\vendor\codeigniter4\framework\system\Email\Email.php(1823): CodeIgniter\Email\Email->SMTPConnect()
#3 C:\Users\earls\Documents\GitHub\MARISENSE\src\vendor\codeigniter4\framework\system\Email\Email.php(1708): CodeIgniter\Email\Email->sendWithSmtp()
#4 C:\Users\earls\Documents\GitHub\MARISENSE\src\vendor\codeigniter4\framework\system\Email\Email.php(1602): CodeIgniter\Email\Email->spoolEmail()
#5 C:\Users\earls\Documents\GitHub\MARISENSE\src\app\Controllers\user.php(140): CodeIgniter\Email\Email->send()
#6 C:\Users\earls\Documents\GitHub\MARISENSE\src\app\Controllers\user.php(687): App\Controllers\User->sendBookingActionNotification(72, 'Payment Submitt...', 'Your payment su...', 'We received you...', Array)
#7 C:\Users\earls\Documents\GitHub\MARISENSE\src\vendor\codeigniter4\framework\system\CodeIgniter.php(951): App\Controllers\User->payBooking()
#8 C:\Users\earls\Documents\GitHub\MARISENSE\src\vendor\codeigniter4\framework\system\CodeIgniter.php(497): CodeIgniter\CodeIgniter->runController(Object(App\Controllers\User))
#9 C:\Users\earls\Documents\GitHub\MARISENSE\src\vendor\codeigniter4\framework\system\CodeIgniter.php(340): CodeIgniter\CodeIgniter->handleRequest(NULL, Object(Config\Cache), false)
#10 C:\Users\earls\Documents\GitHub\MARISENSE\src\vendor\codeigniter4\framework\system\Boot.php(417): CodeIgniter\CodeIgniter->run()
#11 C:\Users\earls\Documents\GitHub\MARISENSE\src\vendor\codeigniter4\framework\system\Boot.php(68): CodeIgniter\Boot::runCodeIgniter(Object(CodeIgniter\CodeIgniter))
#12 C:\Users\earls\Documents\GitHub\MARISENSE\src\public\index.php(59): CodeIgniter\Boot::bootWeb(Object(Config\Paths))
#13 C:\Users\earls\Documents\GitHub\MARISENSE\src\vendor\codeigniter4\framework\system\rewrite.php(44): require_once('C:\\Users\\earls\\...')
#14 {main}
ERROR - 2026-05-12 22:39:01 --> Email: Unable to send email using SMTP. Your server might not be configured to send mail using this method.
ERROR - 2026-05-12 22:39:01 --> 
ERROR - 2026-05-12 22:39:01 --> [BOOKING-EMAIL] FAILED: Email not sent for booking 72 to user@gmail.com
ERROR - 2026-05-12 22:39:01 --> [BOOKING-EMAIL] DEBUGGER OUTPUT: Unable to send email using SMTP. Your server might not be configured to send mail using this method.<br><pre>Date: Tue, 12 May 2026 22:38:58 +0800
To: user@gmail.com
From: &quot;Waves Water Sports&quot; &lt;admin@marisense.networq.online&gt;
Return-Path: &lt;admin@marisense.networq.online&gt;
Subject: =?UTF-8?Q?Payment=20Submitted?=
Reply-To: &lt;admin@marisense.networq.online&gt;
User-Agent: CodeIgniter
X-Sender: admin@marisense.networq.online
X-Mailer: CodeIgniter
X-Priority: 3 (Normal)
Message-ID: &lt;6a033b828efdf0.68143836@marisense.networq.online&gt;
Mime-Version: 1.0


Content-Type: multipart/alternative; boundary=&quot;B_ALT_6a033b828f0018.41028596&quot;

This is a multi-part message in MIME format.
Your email application may not support this format.

--B_ALT_6a033b828f0018.41028596
Content-Type: text/plain; charset=UTF-8
Content-Transfer-Encoding: 8bit

Your payment submission was received
 Hi user,
 We received your payment receipt. Our admin team will verify it and send
another email once reviewed.
 Booking CodeWWS-17D32AE2ScheduleMay 31, 2026 at 07:00 AMBooking
StatusPendingPayment StatusUnpaidDown Payment StatusPaidPayment TypeDown
Payment (50%)Amount SubmittedPHP 2,500.00GCash Reference12345678Verification
StatusPending Admin Verification
 Thank you,Waves Water Sports


--B_ALT_6a033b828f0018.41028596
Content-Type: text/html; charset=UTF-8
Content-Transfer-Encoding: quoted-printable

=0A                &lt;div style=3D&quot;font-family:Arial,Helvetica,sans-serif;lin=
e-height:1.6;color:#163447;&quot;&gt;=0A                    &lt;h2 style=3D&quot;margin:0 0=
 12px;color:#0a5872;&quot;&gt;Your payment submission was received&lt;/h2&gt;=0A         =
           &lt;p style=3D&quot;margin:0 0 12px;&quot;&gt;Hi user,&lt;/p&gt;=0A                   =
 &lt;p style=3D&quot;margin:0 0 16px;&quot;&gt;We received your payment receipt. Our admin =
team will verify it and send another email once reviewed.&lt;/p&gt;=0A           =
         &lt;table style=3D&quot;border-collapse:collapse;width:100%;max-width:700p=
x;margin:0 0 16px;&quot;&gt;&lt;tr&gt;&lt;td style=3D&quot;padding:8px 10px;border:1px solid #dbe=
7ef;background:#f8fbfd;font-weight:600;&quot;&gt;Booking Code&lt;/td&gt;&lt;td style=3D&quot;padd=
ing:8px 10px;border:1px solid #dbe7ef;&quot;&gt;WWS-17D32AE2&lt;/td&gt;&lt;/tr&gt;&lt;tr&gt;&lt;td style=
=3D&quot;padding:8px 10px;border:1px solid #dbe7ef;background:#f8fbfd;font-weigh=
t:600;&quot;&gt;Schedule&lt;/td&gt;&lt;td style=3D&quot;padding:8px 10px;border:1px solid #dbe7ef=
;&quot;&gt;May 31, 2026 at 07:00 AM&lt;/td&gt;&lt;/tr&gt;&lt;tr&gt;&lt;td style=3D&quot;padding:8px 10px;bord=
er:1px solid #dbe7ef;background:#f8fbfd;font-weight:600;&quot;&gt;Booking Status&lt;/t=
d&gt;&lt;td style=3D&quot;padding:8px 10px;border:1px solid #dbe7ef;&quot;&gt;Pending&lt;/td&gt;&lt;/tr=
&gt;&lt;tr&gt;&lt;td style=3D&quot;padding:8px 10px;border:1px solid #dbe7ef;background:#f8f=
bfd;font-weight:600;&quot;&gt;Payment Status&lt;/td&gt;&lt;td style=3D&quot;padding:8px 10px;bord=
er:1px solid #dbe7ef;&quot;&gt;Unpaid&lt;/td&gt;&lt;/tr&gt;&lt;tr&gt;&lt;td style=3D&quot;padding:8px 10px;bo=
rder:1px solid #dbe7ef;background:#f8fbfd;font-weight:600;&quot;&gt;Down Payment St=
atus&lt;/td&gt;&lt;td style=3D&quot;padding:8px 10px;border:1px solid #dbe7ef;&quot;&gt;Paid&lt;/td&gt;=
&lt;/tr&gt;&lt;tr&gt;&lt;td style=3D&quot;padding:8px 10px;border:1px solid #dbe7ef;background:=
#f8fbfd;font-weight:600;&quot;&gt;Payment Type&lt;/td&gt;&lt;td style=3D&quot;padding:8px 10px;bo=
rder:1px solid #dbe7ef;&quot;&gt;Down Payment (50%)&lt;/td&gt;&lt;/tr&gt;&lt;tr&gt;&lt;td style=3D&quot;paddi=
ng:8px 10px;border:1px solid #dbe7ef;background:#f8fbfd;font-weight:600;&quot;&gt;A=
mount Submitted&lt;/td&gt;&lt;td style=3D&quot;padding:8px 10px;border:1px solid #dbe7ef;=
&quot;&gt;PHP 2,500.00&lt;/td&gt;&lt;/tr&gt;&lt;tr&gt;&lt;td style=3D&quot;padding:8px 10px;border:1px solid =
#dbe7ef;background:#f8fbfd;font-weight:600;&quot;&gt;GCash Reference&lt;/td&gt;&lt;td style=
=3D&quot;padding:8px 10px;border:1px solid #dbe7ef;&quot;&gt;12345678&lt;/td&gt;&lt;/tr&gt;&lt;tr&gt;&lt;td s=
tyle=3D&quot;padding:8px 10px;border:1px solid #dbe7ef;background:#f8fbfd;font-w=
eight:600;&quot;&gt;Verification Status&lt;/td&gt;&lt;td style=3D&quot;padding:8px 10px;border:1p=
x solid #dbe7ef;&quot;&gt;Pending Admin Verification&lt;/td&gt;&lt;/tr&gt;&lt;/table&gt;=0A          =
          &lt;p style=3D&quot;margin:0;&quot;&gt;Thank you,&lt;br&gt;Waves Water Sports&lt;/p&gt;=0A   =
             &lt;/div&gt;

--B_ALT_6a033b828f0018.41028596--</pre>
DEBUG - 2026-05-12 22:39:01 --> Session: Class initialized using 'CodeIgniter\Session\Handlers\FileHandler' driver.
DEBUG - 2026-05-12 22:39:13 --> Session: Class initialized using 'CodeIgniter\Session\Handlers\FileHandler' driver.
DEBUG - 2026-05-12 22:39:20 --> Session: Class initialized using 'CodeIgniter\Session\Handlers\FileHandler' driver.
DEBUG - 2026-05-12 22:39:40 --> Session: Class initialized using 'CodeIgniter\Session\Handlers\FileHandler' driver.
INFO - 2026-05-12 22:39:40 --> [BOOKING-EMAIL] START: Attempting to send "Booking Confirmed by Admin" for booking 72
DEBUG - 2026-05-12 22:39:40 --> [BOOKING-EMAIL] DB connected for booking 72
DEBUG - 2026-05-12 22:39:40 --> [BOOKING-EMAIL] Booking 72 fetched: code=WWS-17D32AE2, user_id=N/A
INFO - 2026-05-12 22:39:40 --> [BOOKING-EMAIL] Email target: user@gmail.com for booking 72
DEBUG - 2026-05-12 22:39:40 --> [BOOKING-EMAIL] Email body composed for booking 72. To: user@gmail.com
DEBUG - 2026-05-12 22:39:40 --> [BOOKING-EMAIL] Calling email->send() for booking 72
ERROR - 2026-05-12 22:39:43 --> Email: sendWithSmtp throwed ErrorException: fsockopen(): SSL operation failed with code 1. OpenSSL Error messages:
error:0A00010B:SSL routines::wrong version number in C:\Users\earls\Documents\GitHub\MARISENSE\src\vendor\codeigniter4\framework\system\Email\Email.php:1910
Stack trace:
#0 [internal function]: CodeIgniter\Debug\Exceptions->errorHandler(2, 'fsockopen(): SS...', 'C:\\Users\\earls\\...', 1910)
#1 C:\Users\earls\Documents\GitHub\MARISENSE\src\vendor\codeigniter4\framework\system\Email\Email.php(1910): fsockopen('ssl://smtp.gmai...', 587, NULL, NULL, 5)
#2 C:\Users\earls\Documents\GitHub\MARISENSE\src\vendor\codeigniter4\framework\system\Email\Email.php(1823): CodeIgniter\Email\Email->SMTPConnect()
#3 C:\Users\earls\Documents\GitHub\MARISENSE\src\vendor\codeigniter4\framework\system\Email\Email.php(1708): CodeIgniter\Email\Email->sendWithSmtp()
#4 C:\Users\earls\Documents\GitHub\MARISENSE\src\vendor\codeigniter4\framework\system\Email\Email.php(1602): CodeIgniter\Email\Email->spoolEmail()
#5 C:\Users\earls\Documents\GitHub\MARISENSE\src\app\Controllers\admin.php(149): CodeIgniter\Email\Email->send()
#6 C:\Users\earls\Documents\GitHub\MARISENSE\src\app\Controllers\admin.php(422): App\Controllers\Admin->sendBookingActionNotification(72, 'Booking Confirm...', 'Your booking ha...', 'Our admin team ...')
#7 C:\Users\earls\Documents\GitHub\MARISENSE\src\vendor\codeigniter4\framework\system\CodeIgniter.php(951): App\Controllers\Admin->updateBookingStatus()
#8 C:\Users\earls\Documents\GitHub\MARISENSE\src\vendor\codeigniter4\framework\system\CodeIgniter.php(497): CodeIgniter\CodeIgniter->runController(Object(App\Controllers\Admin))
#9 C:\Users\earls\Documents\GitHub\MARISENSE\src\vendor\codeigniter4\framework\system\CodeIgniter.php(340): CodeIgniter\CodeIgniter->handleRequest(NULL, Object(Config\Cache), false)
#10 C:\Users\earls\Documents\GitHub\MARISENSE\src\vendor\codeigniter4\framework\system\Boot.php(417): CodeIgniter\CodeIgniter->run()
#11 C:\Users\earls\Documents\GitHub\MARISENSE\src\vendor\codeigniter4\framework\system\Boot.php(68): CodeIgniter\Boot::runCodeIgniter(Object(CodeIgniter\CodeIgniter))
#12 C:\Users\earls\Documents\GitHub\MARISENSE\src\public\index.php(59): CodeIgniter\Boot::bootWeb(Object(Config\Paths))
#13 C:\Users\earls\Documents\GitHub\MARISENSE\src\vendor\codeigniter4\framework\system\rewrite.php(44): require_once('C:\\Users\\earls\\...')
#14 {main}
ERROR - 2026-05-12 22:39:43 --> Email: Unable to send email using SMTP. Your server might not be configured to send mail using this method.
ERROR - 2026-05-12 22:39:43 --> 
ERROR - 2026-05-12 22:39:43 --> [BOOKING-EMAIL] FAILED: Email not sent for booking 72 to user@gmail.com
ERROR - 2026-05-12 22:39:43 --> [BOOKING-EMAIL] DEBUGGER OUTPUT: Unable to send email using SMTP. Your server might not be configured to send mail using this method.<br><pre>Date: Tue, 12 May 2026 22:39:40 +0800
To: user@gmail.com
From: &quot;Waves Water Sports&quot; &lt;admin@marisense.networq.online&gt;
Return-Path: &lt;admin@marisense.networq.online&gt;
Subject: =?UTF-8?Q?Booking=20Confirmed=20by=20Admin?=
Reply-To: &lt;admin@marisense.networq.online&gt;
User-Agent: CodeIgniter
X-Sender: admin@marisense.networq.online
X-Mailer: CodeIgniter
X-Priority: 3 (Normal)
Message-ID: &lt;6a033bacd30f02.84501017@marisense.networq.online&gt;
Mime-Version: 1.0


Content-Type: multipart/alternative; boundary=&quot;B_ALT_6a033bacd311c5.08366515&quot;

This is a multi-part message in MIME format.
Your email application may not support this format.

--B_ALT_6a033bacd311c5.08366515
Content-Type: text/plain; charset=UTF-8
Content-Transfer-Encoding: 8bit

Your booking has been confirmed
 Hi user,
 Our admin team has confirmed your booking request. Please proceed with
payment if still pending.
 Booking CodeWWS-17D32AE2ScheduleMay 31, 2026 at 07:00 AMBooking
StatusConfirmedPayment StatusUnpaidDown Payment StatusPaid
 Thank you,Waves Water Sports


--B_ALT_6a033bacd311c5.08366515
Content-Type: text/html; charset=UTF-8
Content-Transfer-Encoding: quoted-printable

=0A                &lt;div style=3D&quot;font-family:Arial,Helvetica,sans-serif;lin=
e-height:1.6;color:#163447;&quot;&gt;=0A                    &lt;h2 style=3D&quot;margin:0 0=
 12px;color:#0a5872;&quot;&gt;Your booking has been confirmed&lt;/h2&gt;=0A              =
      &lt;p style=3D&quot;margin:0 0 12px;&quot;&gt;Hi user,&lt;/p&gt;=0A                    &lt;p s=
tyle=3D&quot;margin:0 0 16px;&quot;&gt;Our admin team has confirmed your booking request=
. Please proceed with payment if still pending.&lt;/p&gt;=0A                    &lt;=
table style=3D&quot;border-collapse:collapse;width:100%;max-width:700px;margin:0=
 0 16px;&quot;&gt;&lt;tr&gt;&lt;td style=3D&quot;padding:8px 10px;border:1px solid #dbe7ef;backgr=
ound:#f8fbfd;font-weight:600;&quot;&gt;Booking Code&lt;/td&gt;&lt;td style=3D&quot;padding:8px 10=
px;border:1px solid #dbe7ef;&quot;&gt;WWS-17D32AE2&lt;/td&gt;&lt;/tr&gt;&lt;tr&gt;&lt;td style=3D&quot;paddin=
g:8px 10px;border:1px solid #dbe7ef;background:#f8fbfd;font-weight:600;&quot;&gt;Sc=
hedule&lt;/td&gt;&lt;td style=3D&quot;padding:8px 10px;border:1px solid #dbe7ef;&quot;&gt;May 31,=
 2026 at 07:00 AM&lt;/td&gt;&lt;/tr&gt;&lt;tr&gt;&lt;td style=3D&quot;padding:8px 10px;border:1px sol=
id #dbe7ef;background:#f8fbfd;font-weight:600;&quot;&gt;Booking Status&lt;/td&gt;&lt;td styl=
e=3D&quot;padding:8px 10px;border:1px solid #dbe7ef;&quot;&gt;Confirmed&lt;/td&gt;&lt;/tr&gt;&lt;tr&gt;&lt;td=
 style=3D&quot;padding:8px 10px;border:1px solid #dbe7ef;background:#f8fbfd;font=
-weight:600;&quot;&gt;Payment Status&lt;/td&gt;&lt;td style=3D&quot;padding:8px 10px;border:1px s=
olid #dbe7ef;&quot;&gt;Unpaid&lt;/td&gt;&lt;/tr&gt;&lt;tr&gt;&lt;td style=3D&quot;padding:8px 10px;border:1px=
 solid #dbe7ef;background:#f8fbfd;font-weight:600;&quot;&gt;Down Payment Status&lt;/td=
&gt;&lt;td style=3D&quot;padding:8px 10px;border:1px solid #dbe7ef;&quot;&gt;Paid&lt;/td&gt;&lt;/tr&gt;&lt;/t=
able&gt;=0A                    &lt;p style=3D&quot;margin:0;&quot;&gt;Thank you,&lt;br&gt;Waves Wate=
r Sports&lt;/p&gt;=0A                &lt;/div&gt;

--B_ALT_6a033bacd311c5.08366515--</pre>
DEBUG - 2026-05-12 22:39:43 --> Session: Class initialized using 'CodeIgniter\Session\Handlers\FileHandler' driver.
DEBUG - 2026-05-12 22:40:30 --> Session: Class initialized using 'CodeIgniter\Session\Handlers\FileHandler' driver.
DEBUG - 2026-05-12 22:40:36 --> Session: Class initialized using 'CodeIgniter\Session\Handlers\FileHandler' driver.
INFO - 2026-05-12 22:40:36 --> [BOOKING-EMAIL] START: Attempting to send "Down Payment Marked as Paid" for booking 72
DEBUG - 2026-05-12 22:40:36 --> [BOOKING-EMAIL] DB connected for booking 72
DEBUG - 2026-05-12 22:40:36 --> [BOOKING-EMAIL] Booking 72 fetched: code=WWS-17D32AE2, user_id=N/A
INFO - 2026-05-12 22:40:36 --> [BOOKING-EMAIL] Email target: user@gmail.com for booking 72
DEBUG - 2026-05-12 22:40:36 --> [BOOKING-EMAIL] Email body composed for booking 72. To: user@gmail.com
DEBUG - 2026-05-12 22:40:36 --> [BOOKING-EMAIL] Calling email->send() for booking 72
ERROR - 2026-05-12 22:40:39 --> Email: sendWithSmtp throwed ErrorException: fsockopen(): SSL operation failed with code 1. OpenSSL Error messages:
error:0A00010B:SSL routines::wrong version number in C:\Users\earls\Documents\GitHub\MARISENSE\src\vendor\codeigniter4\framework\system\Email\Email.php:1910
Stack trace:
#0 [internal function]: CodeIgniter\Debug\Exceptions->errorHandler(2, 'fsockopen(): SS...', 'C:\\Users\\earls\\...', 1910)
#1 C:\Users\earls\Documents\GitHub\MARISENSE\src\vendor\codeigniter4\framework\system\Email\Email.php(1910): fsockopen('ssl://smtp.gmai...', 587, NULL, NULL, 5)
#2 C:\Users\earls\Documents\GitHub\MARISENSE\src\vendor\codeigniter4\framework\system\Email\Email.php(1823): CodeIgniter\Email\Email->SMTPConnect()
#3 C:\Users\earls\Documents\GitHub\MARISENSE\src\vendor\codeigniter4\framework\system\Email\Email.php(1708): CodeIgniter\Email\Email->sendWithSmtp()
#4 C:\Users\earls\Documents\GitHub\MARISENSE\src\vendor\codeigniter4\framework\system\Email\Email.php(1602): CodeIgniter\Email\Email->spoolEmail()
#5 C:\Users\earls\Documents\GitHub\MARISENSE\src\app\Controllers\admin.php(149): CodeIgniter\Email\Email->send()
#6 C:\Users\earls\Documents\GitHub\MARISENSE\src\app\Controllers\admin.php(660): App\Controllers\Admin->sendBookingActionNotification(72, 'Down Payment Ma...', 'Your booking pa...', 'Our admin team ...')
#7 C:\Users\earls\Documents\GitHub\MARISENSE\src\vendor\codeigniter4\framework\system\CodeIgniter.php(951): App\Controllers\Admin->updatePayment()
#8 C:\Users\earls\Documents\GitHub\MARISENSE\src\vendor\codeigniter4\framework\system\CodeIgniter.php(497): CodeIgniter\CodeIgniter->runController(Object(App\Controllers\Admin))
#9 C:\Users\earls\Documents\GitHub\MARISENSE\src\vendor\codeigniter4\framework\system\CodeIgniter.php(340): CodeIgniter\CodeIgniter->handleRequest(NULL, Object(Config\Cache), false)
#10 C:\Users\earls\Documents\GitHub\MARISENSE\src\vendor\codeigniter4\framework\system\Boot.php(417): CodeIgniter\CodeIgniter->run()
#11 C:\Users\earls\Documents\GitHub\MARISENSE\src\vendor\codeigniter4\framework\system\Boot.php(68): CodeIgniter\Boot::runCodeIgniter(Object(CodeIgniter\CodeIgniter))
#12 C:\Users\earls\Documents\GitHub\MARISENSE\src\public\index.php(59): CodeIgniter\Boot::bootWeb(Object(Config\Paths))
#13 C:\Users\earls\Documents\GitHub\MARISENSE\src\vendor\codeigniter4\framework\system\rewrite.php(44): require_once('C:\\Users\\earls\\...')
#14 {main}
ERROR - 2026-05-12 22:40:39 --> Email: Unable to send email using SMTP. Your server might not be configured to send mail using this method.
ERROR - 2026-05-12 22:40:39 --> 
ERROR - 2026-05-12 22:40:39 --> [BOOKING-EMAIL] FAILED: Email not sent for booking 72 to user@gmail.com
ERROR - 2026-05-12 22:40:39 --> [BOOKING-EMAIL] DEBUGGER OUTPUT: Unable to send email using SMTP. Your server might not be configured to send mail using this method.<br><pre>Date: Tue, 12 May 2026 22:40:36 +0800
To: user@gmail.com
From: &quot;Waves Water Sports&quot; &lt;admin@marisense.networq.online&gt;
Return-Path: &lt;admin@marisense.networq.online&gt;
Subject: =?UTF-8?Q?Down=20Payment=20Marked=20as=20Paid?=
Reply-To: &lt;admin@marisense.networq.online&gt;
User-Agent: CodeIgniter
X-Sender: admin@marisense.networq.online
X-Mailer: CodeIgniter
X-Priority: 3 (Normal)
Message-ID: &lt;6a033be4f24526.46783461@marisense.networq.online&gt;
Mime-Version: 1.0


Content-Type: multipart/alternative; boundary=&quot;B_ALT_6a033be4f247b7.53612357&quot;

This is a multi-part message in MIME format.
Your email application may not support this format.

--B_ALT_6a033be4f247b7.53612357
Content-Type: text/plain; charset=UTF-8
Content-Transfer-Encoding: 8bit

Your booking payment was updated
 Hi user,
 Our admin team marked your booking as 50% paid.
 Booking CodeWWS-17D32AE2ScheduleMay 31, 2026 at 07:00 AMBooking
StatusConfirmedPayment StatusUnpaidDown Payment StatusPaid
 Thank you,Waves Water Sports


--B_ALT_6a033be4f247b7.53612357
Content-Type: text/html; charset=UTF-8
Content-Transfer-Encoding: quoted-printable

=0A                &lt;div style=3D&quot;font-family:Arial,Helvetica,sans-serif;lin=
e-height:1.6;color:#163447;&quot;&gt;=0A                    &lt;h2 style=3D&quot;margin:0 0=
 12px;color:#0a5872;&quot;&gt;Your booking payment was updated&lt;/h2&gt;=0A             =
       &lt;p style=3D&quot;margin:0 0 12px;&quot;&gt;Hi user,&lt;/p&gt;=0A                    &lt;p =
style=3D&quot;margin:0 0 16px;&quot;&gt;Our admin team marked your booking as 50% paid.&lt;=
/p&gt;=0A                    &lt;table style=3D&quot;border-collapse:collapse;width:10=
0%;max-width:700px;margin:0 0 16px;&quot;&gt;&lt;tr&gt;&lt;td style=3D&quot;padding:8px 10px;bord=
er:1px solid #dbe7ef;background:#f8fbfd;font-weight:600;&quot;&gt;Booking Code&lt;/td&gt;=
&lt;td style=3D&quot;padding:8px 10px;border:1px solid #dbe7ef;&quot;&gt;WWS-17D32AE2&lt;/td&gt;&lt;=
/tr&gt;&lt;tr&gt;&lt;td style=3D&quot;padding:8px 10px;border:1px solid #dbe7ef;background:#=
f8fbfd;font-weight:600;&quot;&gt;Schedule&lt;/td&gt;&lt;td style=3D&quot;padding:8px 10px;border:=
1px solid #dbe7ef;&quot;&gt;May 31, 2026 at 07:00 AM&lt;/td&gt;&lt;/tr&gt;&lt;tr&gt;&lt;td style=3D&quot;padd=
ing:8px 10px;border:1px solid #dbe7ef;background:#f8fbfd;font-weight:600;&quot;&gt;=
Booking Status&lt;/td&gt;&lt;td style=3D&quot;padding:8px 10px;border:1px solid #dbe7ef;&quot;=
&gt;Confirmed&lt;/td&gt;&lt;/tr&gt;&lt;tr&gt;&lt;td style=3D&quot;padding:8px 10px;border:1px solid #dbe=
7ef;background:#f8fbfd;font-weight:600;&quot;&gt;Payment Status&lt;/td&gt;&lt;td style=3D&quot;pa=
dding:8px 10px;border:1px solid #dbe7ef;&quot;&gt;Unpaid&lt;/td&gt;&lt;/tr&gt;&lt;tr&gt;&lt;td style=3D&quot;=
padding:8px 10px;border:1px solid #dbe7ef;background:#f8fbfd;font-weight:60=
0;&quot;&gt;Down Payment Status&lt;/td&gt;&lt;td style=3D&quot;padding:8px 10px;border:1px solid =
#dbe7ef;&quot;&gt;Paid&lt;/td&gt;&lt;/tr&gt;&lt;/table&gt;=0A                    &lt;p style=3D&quot;margin:0=
;&quot;&gt;Thank you,&lt;br&gt;Waves Water Sports&lt;/p&gt;=0A                &lt;/div&gt;

--B_ALT_6a033be4f247b7.53612357--</pre>
DEBUG - 2026-05-12 22:40:39 --> Session: Class initialized using 'CodeIgniter\Session\Handlers\FileHandler' driver.
DEBUG - 2026-05-12 22:40:53 --> Session: Class initialized using 'CodeIgniter\Session\Handlers\FileHandler' driver.
DEBUG - 2026-05-12 22:41:13 --> Session: Class initialized using 'CodeIgniter\Session\Handlers\FileHandler' driver.
CRITICAL - 2026-05-12 22:41:13 --> CodeIgniter\Database\Exceptions\DataException: There is no data to update.
[Method: POST, Route: user/booking/pay]
in SYSTEMPATH\BaseModel.php on line 1056.
 1 SYSTEMPATH\BaseModel.php(1056): CodeIgniter\Database\Exceptions\DataException::forEmptyDataset('update')
 2 SYSTEMPATH\Model.php(706): CodeIgniter\BaseModel->update([...], [])
 3 APPPATH\Controllers\user.php(675): CodeIgniter\Model->update(72, [...])
 4 SYSTEMPATH\CodeIgniter.php(951): App\Controllers\User->payBooking()
 5 SYSTEMPATH\CodeIgniter.php(497): CodeIgniter\CodeIgniter->runController(Object(App\Controllers\User))
 6 SYSTEMPATH\CodeIgniter.php(340): CodeIgniter\CodeIgniter->handleRequest(null, Object(Config\Cache), false)
 7 SYSTEMPATH\Boot.php(417): CodeIgniter\CodeIgniter->run()
 8 SYSTEMPATH\Boot.php(68): CodeIgniter\Boot::runCodeIgniter(Object(CodeIgniter\CodeIgniter))
 9 FCPATH\index.php(59): CodeIgniter\Boot::bootWeb(Object(Config\Paths))
10 SYSTEMPATH\rewrite.php(44): require_once('C:\\Users\\earls\\Documents\\GitHub\\MARISENSE\\src\\public\\index.php')
DEBUG - 2026-05-12 22:41:53 --> Session: Class initialized using 'CodeIgniter\Session\Handlers\FileHandler' driver.
DEBUG - 2026-05-12 22:42:02 --> Session: Class initialized using 'CodeIgniter\Session\Handlers\FileHandler' driver.
DEBUG - 2026-05-12 22:42:02 --> Session: Class initialized using 'CodeIgniter\Session\Handlers\FileHandler' driver.
DEBUG - 2026-05-12 22:45:26 --> Session: Class initialized using 'CodeIgniter\Session\Handlers\FileHandler' driver.
DEBUG - 2026-05-12 22:45:26 --> Session: Class initialized using 'CodeIgniter\Session\Handlers\FileHandler' driver.
DEBUG - 2026-05-12 22:45:28 --> Session: Class initialized using 'CodeIgniter\Session\Handlers\FileHandler' driver.
DEBUG - 2026-05-12 22:45:30 --> Session: Class initialized using 'CodeIgniter\Session\Handlers\FileHandler' driver.
